------------------------------------------------------------
Timing Analyzer Summary
------------------------------------------------------------

Type  : Slow 1100mV 85C Model Setup 'clk'
Slack : -2.532
TNS   : -70.553

Type  : Slow 1100mV 85C Model Hold 'clk'
Slack : 0.382
TNS   : 0.000

Type  : Slow 1100mV 85C Model Minimum Pulse Width 'clk'
Slack : -0.394
TNS   : -21.975

Type  : Slow 1100mV 0C Model Setup 'clk'
Slack : -2.477
TNS   : -71.201

Type  : Slow 1100mV 0C Model Hold 'clk'
Slack : 0.383
TNS   : 0.000

Type  : Slow 1100mV 0C Model Minimum Pulse Width 'clk'
Slack : -0.394
TNS   : -24.399

Type  : Fast 1100mV 85C Model Setup 'clk'
Slack : -1.035
TNS   : -21.905

Type  : Fast 1100mV 85C Model Hold 'clk'
Slack : 0.183
TNS   : 0.000

Type  : Fast 1100mV 85C Model Minimum Pulse Width 'clk'
Slack : -0.079
TNS   : -3.253

Type  : Fast 1100mV 0C Model Setup 'clk'
Slack : -0.880
TNS   : -18.226

Type  : Fast 1100mV 0C Model Hold 'clk'
Slack : 0.174
TNS   : 0.000

Type  : Fast 1100mV 0C Model Minimum Pulse Width 'clk'
Slack : -0.081
TNS   : -3.280

------------------------------------------------------------
