------------------------------------------------------------
Timing Analyzer Summary
------------------------------------------------------------

Type  : Slow 1100mV 85C Model Setup 'KEY[0]'
Slack : -0.334
TNS   : -1.962

Type  : Slow 1100mV 85C Model Hold 'KEY[0]'
Slack : 0.277
TNS   : 0.000

Type  : Slow 1100mV 85C Model Minimum Pulse Width 'KEY[0]'
Slack : -0.394
TNS   : -5.077

Type  : Slow 1100mV 0C Model Setup 'KEY[0]'
Slack : -0.319
TNS   : -1.510

Type  : Slow 1100mV 0C Model Hold 'KEY[0]'
Slack : 0.313
TNS   : 0.000

Type  : Slow 1100mV 0C Model Minimum Pulse Width 'KEY[0]'
Slack : -0.394
TNS   : -5.063

Type  : Fast 1100mV 85C Model Setup 'KEY[0]'
Slack : 0.222
TNS   : 0.000

Type  : Fast 1100mV 85C Model Hold 'KEY[0]'
Slack : 0.156
TNS   : 0.000

Type  : Fast 1100mV 85C Model Minimum Pulse Width 'KEY[0]'
Slack : -0.319
TNS   : -3.053

Type  : Fast 1100mV 0C Model Setup 'KEY[0]'
Slack : 0.291
TNS   : 0.000

Type  : Fast 1100mV 0C Model Hold 'KEY[0]'
Slack : 0.163
TNS   : 0.000

Type  : Fast 1100mV 0C Model Minimum Pulse Width 'KEY[0]'
Slack : -0.308
TNS   : -2.945

------------------------------------------------------------
