------------------------------------------------------------
Timing Analyzer Summary
------------------------------------------------------------

Type  : Slow 1100mV 85C Model Setup 'clk'
Slack : -2.362
TNS   : -90.882

Type  : Slow 1100mV 85C Model Hold 'clk'
Slack : 0.353
TNS   : 0.000

Type  : Slow 1100mV 85C Model Minimum Pulse Width 'clk'
Slack : -0.394
TNS   : -22.071

Type  : Slow 1100mV 0C Model Setup 'clk'
Slack : -2.376
TNS   : -89.709

Type  : Slow 1100mV 0C Model Hold 'clk'
Slack : 0.331
TNS   : 0.000

Type  : Slow 1100mV 0C Model Minimum Pulse Width 'clk'
Slack : -0.394
TNS   : -23.955

Type  : Fast 1100mV 85C Model Setup 'clk'
Slack : -0.966
TNS   : -34.224

Type  : Fast 1100mV 85C Model Hold 'clk'
Slack : 0.182
TNS   : 0.000

Type  : Fast 1100mV 85C Model Minimum Pulse Width 'clk'
Slack : -0.081
TNS   : -3.227

Type  : Fast 1100mV 0C Model Setup 'clk'
Slack : -0.797
TNS   : -28.127

Type  : Fast 1100mV 0C Model Hold 'clk'
Slack : 0.174
TNS   : 0.000

Type  : Fast 1100mV 0C Model Minimum Pulse Width 'clk'
Slack : -0.081
TNS   : -3.245

------------------------------------------------------------
