------------------------------------------------------------
Timing Analyzer Summary
------------------------------------------------------------

Type  : Slow 1100mV 85C Model Setup 'clk'
Slack : -7.670
TNS   : -75.636

Type  : Slow 1100mV 85C Model Hold 'clk'
Slack : 0.625
TNS   : 0.000

Type  : Slow 1100mV 85C Model Minimum Pulse Width 'clk'
Slack : -0.394
TNS   : -16.906

Type  : Slow 1100mV 0C Model Setup 'clk'
Slack : -7.568
TNS   : -75.689

Type  : Slow 1100mV 0C Model Hold 'clk'
Slack : 0.611
TNS   : 0.000

Type  : Slow 1100mV 0C Model Minimum Pulse Width 'clk'
Slack : -0.394
TNS   : -18.446

Type  : Fast 1100mV 85C Model Setup 'clk'
Slack : -3.994
TNS   : -37.009

Type  : Fast 1100mV 85C Model Hold 'clk'
Slack : 0.368
TNS   : 0.000

Type  : Fast 1100mV 85C Model Minimum Pulse Width 'clk'
Slack : -0.078
TNS   : -2.380

Type  : Fast 1100mV 0C Model Setup 'clk'
Slack : -3.562
TNS   : -32.763

Type  : Fast 1100mV 0C Model Hold 'clk'
Slack : 0.341
TNS   : 0.000

Type  : Fast 1100mV 0C Model Minimum Pulse Width 'clk'
Slack : -0.079
TNS   : -2.440

------------------------------------------------------------
