------------------------------------------------------------
Timing Analyzer Summary
------------------------------------------------------------

Type  : Slow 1100mV 85C Model Setup 'clk'
Slack : -7.682
TNS   : -199.583

Type  : Slow 1100mV 85C Model Setup 'delay_1_sec:fast_clock_delay|counter_modulo_k:fast_counter|Q[0]'
Slack : -3.929
TNS   : -15.574

Type  : Slow 1100mV 85C Model Setup 'counter_modulo_k:counter0|Q[0]'
Slack : -3.766
TNS   : -14.625

Type  : Slow 1100mV 85C Model Setup 'counter_modulo_k:counter1|Q[0]'
Slack : -1.281
TNS   : -6.194

Type  : Slow 1100mV 85C Model Hold 'clk'
Slack : 0.218
TNS   : 0.000

Type  : Slow 1100mV 85C Model Hold 'counter_modulo_k:counter1|Q[0]'
Slack : 0.623
TNS   : 0.000

Type  : Slow 1100mV 85C Model Hold 'delay_1_sec:fast_clock_delay|counter_modulo_k:fast_counter|Q[0]'
Slack : 0.807
TNS   : 0.000

Type  : Slow 1100mV 85C Model Hold 'counter_modulo_k:counter0|Q[0]'
Slack : 0.820
TNS   : 0.000

Type  : Slow 1100mV 85C Model Minimum Pulse Width 'clk'
Slack : -0.394
TNS   : -13.636

Type  : Slow 1100mV 85C Model Minimum Pulse Width 'counter_modulo_k:counter1|Q[0]'
Slack : -0.394
TNS   : -3.384

Type  : Slow 1100mV 85C Model Minimum Pulse Width 'counter_modulo_k:counter0|Q[0]'
Slack : -0.394
TNS   : -2.328

Type  : Slow 1100mV 85C Model Minimum Pulse Width 'delay_1_sec:fast_clock_delay|counter_modulo_k:fast_counter|Q[0]'
Slack : -0.394
TNS   : -2.275

Type  : Slow 1100mV 0C Model Setup 'clk'
Slack : -7.408
TNS   : -192.459

Type  : Slow 1100mV 0C Model Setup 'delay_1_sec:fast_clock_delay|counter_modulo_k:fast_counter|Q[0]'
Slack : -3.816
TNS   : -15.144

Type  : Slow 1100mV 0C Model Setup 'counter_modulo_k:counter0|Q[0]'
Slack : -3.727
TNS   : -14.486

Type  : Slow 1100mV 0C Model Setup 'counter_modulo_k:counter1|Q[0]'
Slack : -1.297
TNS   : -6.426

Type  : Slow 1100mV 0C Model Hold 'clk'
Slack : -0.089
TNS   : -0.089

Type  : Slow 1100mV 0C Model Hold 'counter_modulo_k:counter1|Q[0]'
Slack : 0.606
TNS   : 0.000

Type  : Slow 1100mV 0C Model Hold 'delay_1_sec:fast_clock_delay|counter_modulo_k:fast_counter|Q[0]'
Slack : 0.711
TNS   : 0.000

Type  : Slow 1100mV 0C Model Hold 'counter_modulo_k:counter0|Q[0]'
Slack : 0.751
TNS   : 0.000

Type  : Slow 1100mV 0C Model Minimum Pulse Width 'clk'
Slack : -0.394
TNS   : -14.859

Type  : Slow 1100mV 0C Model Minimum Pulse Width 'counter_modulo_k:counter1|Q[0]'
Slack : -0.394
TNS   : -3.432

Type  : Slow 1100mV 0C Model Minimum Pulse Width 'counter_modulo_k:counter0|Q[0]'
Slack : -0.394
TNS   : -2.296

Type  : Slow 1100mV 0C Model Minimum Pulse Width 'delay_1_sec:fast_clock_delay|counter_modulo_k:fast_counter|Q[0]'
Slack : -0.394
TNS   : -2.086

Type  : Fast 1100mV 85C Model Setup 'clk'
Slack : -4.751
TNS   : -123.457

Type  : Fast 1100mV 85C Model Setup 'delay_1_sec:fast_clock_delay|counter_modulo_k:fast_counter|Q[0]'
Slack : -2.084
TNS   : -8.124

Type  : Fast 1100mV 85C Model Setup 'counter_modulo_k:counter0|Q[0]'
Slack : -2.062
TNS   : -7.887

Type  : Fast 1100mV 85C Model Setup 'counter_modulo_k:counter1|Q[0]'
Slack : -0.470
TNS   : -1.794

Type  : Fast 1100mV 85C Model Hold 'clk'
Slack : 0.206
TNS   : 0.000

Type  : Fast 1100mV 85C Model Hold 'counter_modulo_k:counter1|Q[0]'
Slack : 0.333
TNS   : 0.000

Type  : Fast 1100mV 85C Model Hold 'delay_1_sec:fast_clock_delay|counter_modulo_k:fast_counter|Q[0]'
Slack : 0.415
TNS   : 0.000

Type  : Fast 1100mV 85C Model Hold 'counter_modulo_k:counter0|Q[0]'
Slack : 0.501
TNS   : 0.000

Type  : Fast 1100mV 85C Model Minimum Pulse Width 'clk'
Slack : -0.080
TNS   : -2.055

Type  : Fast 1100mV 85C Model Minimum Pulse Width 'counter_modulo_k:counter0|Q[0]'
Slack : 0.107
TNS   : 0.000

Type  : Fast 1100mV 85C Model Minimum Pulse Width 'delay_1_sec:fast_clock_delay|counter_modulo_k:fast_counter|Q[0]'
Slack : 0.124
TNS   : 0.000

Type  : Fast 1100mV 85C Model Minimum Pulse Width 'counter_modulo_k:counter1|Q[0]'
Slack : 0.139
TNS   : 0.000

Type  : Fast 1100mV 0C Model Setup 'clk'
Slack : -4.073
TNS   : -105.873

Type  : Fast 1100mV 0C Model Setup 'counter_modulo_k:counter0|Q[0]'
Slack : -1.830
TNS   : -7.010

Type  : Fast 1100mV 0C Model Setup 'delay_1_sec:fast_clock_delay|counter_modulo_k:fast_counter|Q[0]'
Slack : -1.820
TNS   : -7.115

Type  : Fast 1100mV 0C Model Setup 'counter_modulo_k:counter1|Q[0]'
Slack : -0.401
TNS   : -1.471

Type  : Fast 1100mV 0C Model Hold 'clk'
Slack : 0.195
TNS   : 0.000

Type  : Fast 1100mV 0C Model Hold 'counter_modulo_k:counter1|Q[0]'
Slack : 0.300
TNS   : 0.000

Type  : Fast 1100mV 0C Model Hold 'delay_1_sec:fast_clock_delay|counter_modulo_k:fast_counter|Q[0]'
Slack : 0.337
TNS   : 0.000

Type  : Fast 1100mV 0C Model Hold 'counter_modulo_k:counter0|Q[0]'
Slack : 0.391
TNS   : 0.000

Type  : Fast 1100mV 0C Model Minimum Pulse Width 'clk'
Slack : -0.080
TNS   : -2.042

Type  : Fast 1100mV 0C Model Minimum Pulse Width 'counter_modulo_k:counter0|Q[0]'
Slack : 0.098
TNS   : 0.000

Type  : Fast 1100mV 0C Model Minimum Pulse Width 'delay_1_sec:fast_clock_delay|counter_modulo_k:fast_counter|Q[0]'
Slack : 0.126
TNS   : 0.000

Type  : Fast 1100mV 0C Model Minimum Pulse Width 'counter_modulo_k:counter1|Q[0]'
Slack : 0.148
TNS   : 0.000

------------------------------------------------------------
